[master c0c844c] Update GitBook
 24 files changed, 155 insertions(+), 1 deletion(-)
 create mode 100644 1102038773413445753_Alexio-AN.md
 create mode 100644 1102038775082799104_Alexio-AN.md
 create mode 100644 1102038776949243944_Alexio-AN.md
 create mode 100644 1102038778585034772_Alexio-AN.md
 create mode 100644 1102038780447314002_Alexio-AN.md
 create mode 100644 1102038782041128960_Alexio-AN.md
 create mode 100644 1102038783999873025_Alexio-AN.md
 create mode 100644 1102038785845362758_Alexio-AN.md
 create mode 100644 1102038787103670413_Alexio-AN.md
 create mode 100644 1102038789112737802_Alexio-AN.md
 create mode 100644 1102042385229287425_Alexio-AN.md
 create mode 100644 1102042387154473031_Alexio-AN.md
 create mode 100644 1102042389071278140_Alexio-AN.md
 create mode 100644 1102042391092932638_Alexio-AN.md
 create mode 100644 1102042392443486320_Alexio-AN.md
 create mode 100644 1102042395064942644_Alexio-AN.md
 create mode 100644 1102042396860096593_Alexio-AN.md
 create mode 100644 1102042398940475512_Alexio-AN.md
 create mode 100644 1102042401406726225_Alexio-AN.md
 create mode 100644 1102042403759718561_Alexio-AN.md
 create mode 100644 1102042408612532234_Alexio-AN.md
 create mode 100644 1102042409690484828_Alexio-AN.md
 rename push-to-gitbook.sh => announcments.sh (93%)
 create mode 100644 test.log
[master 53620e2] Update GitBook
 1 file changed, 26 insertions(+)
[master 2a302d7] Update GitBook
 14 files changed, 93 insertions(+)
 create mode 100644 1102047137035997264_Alexio-AN.md
 create mode 100644 1102047139732934766_Alexio-AN.md
 create mode 100644 1102047141775540225_Alexio-AN.md
 create mode 100644 1102047143885279252_Alexio-AN.md
 create mode 100644 1102047146687090818_Alexio-AN.md
 create mode 100644 1102047149111382117_Alexio-AN.md
 create mode 100644 1102047151405670451_Alexio-AN.md
 create mode 100644 1102047154257805422_Alexio-AN.md
 create mode 100644 1102047156510150757_Alexio-AN.md
 create mode 100644 1102047158997364796_Alexio-AN.md
 create mode 100644 1102047161400705144_Alexio-AN.md
 create mode 100644 1102047163678216302_Alexio-AN.md
 create mode 100644 1102047168954642473_Alexio-AN.md
[master c25b5d3] Update GitBook
 1 file changed, 15 insertions(+)
[master 2389929] Update GitBook
 1 file changed, 2 insertions(+)
[master 1a578c4] Update GitBook
 1 file changed, 2 insertions(+)
On branch master
nothing to commit, working tree clean
[master 9f378ef] Update GitBook
 1 file changed, 2 insertions(+)
[master c217d93] Update GitBook
 1 file changed, 2 insertions(+)
On branch master
nothing to commit, working tree clean
[master 3df1c2d] Update GitBook
 10 files changed, 65 insertions(+)
 create mode 100644 1102048987525161010_Alexio-AN.md
 create mode 100644 1102048988716351539_Alexio-AN.md
 create mode 100644 1102048990272426004_Alexio-AN.md
 create mode 100644 1102048991388123236_Alexio-AN.md
 create mode 100644 1102048992432496681_Alexio-AN.md
 create mode 100644 1102048993351041075_Alexio-AN.md
 create mode 100644 1102048994810658896_Alexio-AN.md
 create mode 100644 1102048995397881958_Alexio-AN.md
 create mode 100644 1102048996735844402_Alexio-AN.md
[master 13b4847] Update GitBook
 1 file changed, 11 insertions(+)
[master b83a66c] Update GitBook
 71 files changed, 2 insertions(+), 490 deletions(-)
 delete mode 100644 1102034889261449226_Alexio-AN.md
 delete mode 100644 1102034891228586095_Alexio-AN.md
 delete mode 100644 1102034892751114300_Alexio-AN.md
 delete mode 100644 1102034894424637500_Alexio-AN.md
 delete mode 100644 1102034896114942012_Alexio-AN.md
 delete mode 100644 1102034897968844890_Alexio-AN.md
 delete mode 100644 1102034899768197150_Alexio-AN.md
 delete mode 100644 1102034901945032764_Alexio-AN.md
 delete mode 100644 1102034903811489842_Alexio-AN.md
 delete mode 100644 1102034905837346916_Alexio-AN.md
 delete mode 100644 1102034907775115375_Alexio-AN.md
 delete mode 100644 1102034910102958090_Alexio-AN.md
 delete mode 100644 1102034911822630942_Alexio-AN.md
 delete mode 100644 1102036084583575694_Alexio-AN.md
 delete mode 100644 1102036086680727652_Alexio-AN.md
 delete mode 100644 1102036088652050483_Alexio-AN.md
 delete mode 100644 1102036091697102888_Alexio-AN.md
 delete mode 100644 1102036094108839949_Alexio-AN.md
 delete mode 100644 1102036096235347978_Alexio-AN.md
 delete mode 100644 1102036098777100328_Alexio-AN.md
 delete mode 100644 1102036101016854539_Alexio-AN.md
 delete mode 100644 1102036103193702430_Alexio-AN.md
 delete mode 100644 1102036105378926682_Alexio-AN.md
 delete mode 100644 1102036107987800074_Alexio-AN.md
 delete mode 100644 1102036109929742416_Alexio-AN.md
 delete mode 100644 1102037217083400213_Alexio-AN.md
 delete mode 100644 1102038773413445753_Alexio-AN.md
 delete mode 100644 1102038775082799104_Alexio-AN.md
 delete mode 100644 1102038776949243944_Alexio-AN.md
 delete mode 100644 1102038778585034772_Alexio-AN.md
 delete mode 100644 1102038780447314002_Alexio-AN.md
 delete mode 100644 1102038782041128960_Alexio-AN.md
 delete mode 100644 1102038783999873025_Alexio-AN.md
 delete mode 100644 1102038785845362758_Alexio-AN.md
 delete mode 100644 1102038787103670413_Alexio-AN.md
 delete mode 100644 1102038789112737802_Alexio-AN.md
 delete mode 100644 1102042385229287425_Alexio-AN.md
 delete mode 100644 1102042387154473031_Alexio-AN.md
 delete mode 100644 1102042389071278140_Alexio-AN.md
 delete mode 100644 1102042391092932638_Alexio-AN.md
 delete mode 100644 1102042392443486320_Alexio-AN.md
 delete mode 100644 1102042395064942644_Alexio-AN.md
 delete mode 100644 1102042396860096593_Alexio-AN.md
 delete mode 100644 1102042398940475512_Alexio-AN.md
 delete mode 100644 1102042401406726225_Alexio-AN.md
 delete mode 100644 1102042403759718561_Alexio-AN.md
 delete mode 100644 1102042408612532234_Alexio-AN.md
 delete mode 100644 1102042409690484828_Alexio-AN.md
 delete mode 100644 1102047137035997264_Alexio-AN.md
 delete mode 100644 1102047139732934766_Alexio-AN.md
 delete mode 100644 1102047141775540225_Alexio-AN.md
 delete mode 100644 1102047143885279252_Alexio-AN.md
 delete mode 100644 1102047146687090818_Alexio-AN.md
 delete mode 100644 1102047149111382117_Alexio-AN.md
 delete mode 100644 1102047151405670451_Alexio-AN.md
 delete mode 100644 1102047154257805422_Alexio-AN.md
 delete mode 100644 1102047156510150757_Alexio-AN.md
 delete mode 100644 1102047158997364796_Alexio-AN.md
 delete mode 100644 1102047161400705144_Alexio-AN.md
 delete mode 100644 1102047163678216302_Alexio-AN.md
 delete mode 100644 1102047168954642473_Alexio-AN.md
 delete mode 100644 1102048987525161010_Alexio-AN.md
 delete mode 100644 1102048988716351539_Alexio-AN.md
 delete mode 100644 1102048990272426004_Alexio-AN.md
 delete mode 100644 1102048991388123236_Alexio-AN.md
 delete mode 100644 1102048992432496681_Alexio-AN.md
 delete mode 100644 1102048993351041075_Alexio-AN.md
 delete mode 100644 1102048994810658896_Alexio-AN.md
 delete mode 100644 1102048995397881958_Alexio-AN.md
 delete mode 100644 1102048996735844402_Alexio-AN.md
[master e349700] Update GitBook
 1 file changed, 72 insertions(+)
